// Jest Snapshot v1, https://goo.gl/fbAQLP

exports[`home testing match snapshot 1`] = `
<div>
  <div
    class="MuiContainer-root MuiContainer-maxWidthXl headerNavbar css-19r6kue-MuiContainer-root"
  >
    <div
      class="spells-parent"
      data-testid="spells-list"
    >
      <ul
        class="mt-3 spells-list"
      />
    </div>
  </div>
</div>
`;
